[ 4289196ms] [ERROR] Failed to load resource: the server responded with a status of 404 (Not Found) @ http://localhost:3001/trip:0
[ 4641605ms] [ERROR] Failed to load resource: the server responded with a status of 404 (Not Found) @ http://localhost:3001/experiences/magnus-haukur-iceland-fly-fishing:0
[ 4641905ms] [INFO] %cDownload the React DevTools for a better development experience: https://react.dev/link/react-devtools font-weight:bold @ http://localhost:3001/_next/static/chunks/d32c7_next_dist_31bc8e9f._.js:2298
[ 4642218ms] [LOG] [HMR] connected @ http://localhost:3001/_next/static/chunks/d32c7_next_dist_31bc8e9f._.js:2298
[ 4642467ms] [LOG] [Fast Refresh] rebuilding @ http://localhost:3001/_next/static/chunks/d32c7_next_dist_31bc8e9f._.js:2298
[ 4642797ms] [LOG] [Fast Refresh] done in 457ms @ http://localhost:3001/_next/static/chunks/d32c7_next_dist_31bc8e9f._.js:2298
[ 4645313ms] [LOG] [Fast Refresh] rebuilding @ http://localhost:3001/_next/static/chunks/d32c7_next_dist_31bc8e9f._.js:2298
[ 4645454ms] [LOG] [Fast Refresh] done in 243ms @ http://localhost:3001/_next/static/chunks/d32c7_next_dist_31bc8e9f._.js:2298
[ 4648557ms] [INFO] %cDownload the React DevTools for a better development experience: https://react.dev/link/react-devtools font-weight:bold @ http://localhost:3001/_next/static/chunks/d32c7_next_dist_31bc8e9f._.js:2298
[ 4648783ms] [LOG] [HMR] connected @ http://localhost:3001/_next/static/chunks/d32c7_next_dist_31bc8e9f._.js:2298
[ 4649012ms] [LOG] [Fast Refresh] rebuilding @ http://localhost:3001/_next/static/chunks/d32c7_next_dist_31bc8e9f._.js:2298
[ 4649030ms] [LOG] [Fast Refresh] done in 142ms @ http://localhost:3001/_next/static/chunks/d32c7_next_dist_31bc8e9f._.js:2298
[ 4649349ms] [WARNING] Image with src "/brand/white-logo.png" has either width or height modified, but not the other. If you use CSS to change the size of your image, also include the styles 'width: "auto"' or 'height: "auto"' to maintain the aspect ratio. @ http://localhost:3001/_next/static/chunks/d32c7_next_dist_31bc8e9f._.js:2298
[ 4649349ms] [WARNING] Image with src "https://uwxrstbplaoxfghrchcy.supabase.co/storage/v1/object/public/guide-photos/e6226db3-67bf-4f6f-b5a1-e1ac033811f3.jpg" has "fill" prop and "sizes" prop of "100vw", but image is not rendered at full viewport width. Please adjust "sizes" to improve page performance. Read more: https://nextjs.org/docs/api-reference/next/image#sizes @ http://localhost:3001/_next/static/chunks/d32c7_next_dist_31bc8e9f._.js:2298
[ 4649349ms] [WARNING] Image with src "https://uwxrstbplaoxfghrchcy.supabase.co/storage/v1/object/public/guide-photos/e6226db3-67bf-4f6f-b5a1-e1ac033811f3.jpg" has "fill" and parent element with invalid "position". Provided "static" should be one of absolute,fixed,relative. @ http://localhost:3001/_next/static/chunks/d32c7_next_dist_31bc8e9f._.js:2298
[ 4649372ms] [WARNING] Image with src "https://uwxrstbplaoxfghrchcy.supabase.co/storage/v1/object/public/guide-photos/781a53f5-40d2-45f4-b554-cf0e79d900ce.jpg" has "fill" but is missing "sizes" prop. Please add it to improve page performance. Read more: https://nextjs.org/docs/api-reference/next/image#sizes @ http://localhost:3001/_next/static/chunks/d32c7_next_dist_31bc8e9f._.js:2298
[ 4649372ms] [WARNING] Image with src "/brand/sygnet.png" has either width or height modified, but not the other. If you use CSS to change the size of your image, also include the styles 'width: "auto"' or 'height: "auto"' to maintain the aspect ratio. @ http://localhost:3001/_next/static/chunks/d32c7_next_dist_31bc8e9f._.js:2298
[ 4649560ms] [LOG] [Fast Refresh] rebuilding @ http://localhost:3001/_next/static/chunks/d32c7_next_dist_31bc8e9f._.js:2298
[ 4649627ms] [LOG] [Fast Refresh] done in 169ms @ http://localhost:3001/_next/static/chunks/d32c7_next_dist_31bc8e9f._.js:2298
[ 4660398ms] [ERROR] Failed to load resource: the server responded with a status of 404 (Not Found) @ http://localhost:3001/trips/magnus-haukur-iceland-fly-fishing:0
[ 4660560ms] [INFO] %cDownload the React DevTools for a better development experience: https://react.dev/link/react-devtools font-weight:bold @ http://localhost:3001/_next/static/chunks/d32c7_next_dist_31bc8e9f._.js:2298
[ 4660629ms] [LOG] [HMR] connected @ http://localhost:3001/_next/static/chunks/d32c7_next_dist_31bc8e9f._.js:2298
[ 4664398ms] [INFO] %cDownload the React DevTools for a better development experience: https://react.dev/link/react-devtools font-weight:bold @ http://localhost:3001/_next/static/chunks/d32c7_next_dist_31bc8e9f._.js:2298
[ 4664544ms] [LOG] [HMR] connected @ http://localhost:3001/_next/static/chunks/d32c7_next_dist_31bc8e9f._.js:2298
[ 4664700ms] [LOG] [Fast Refresh] rebuilding @ http://localhost:3001/_next/static/chunks/d32c7_next_dist_31bc8e9f._.js:2298
[ 4664902ms] [WARNING] Image with src "/brand/white-logo.png" has either width or height modified, but not the other. If you use CSS to change the size of your image, also include the styles 'width: "auto"' or 'height: "auto"' to maintain the aspect ratio. @ http://localhost:3001/_next/static/chunks/d32c7_next_dist_31bc8e9f._.js:2298
[ 4664903ms] [WARNING] Image with src "https://uwxrstbplaoxfghrchcy.supabase.co/storage/v1/object/public/guide-photos/e6226db3-67bf-4f6f-b5a1-e1ac033811f3.jpg" has "fill" prop and "sizes" prop of "100vw", but image is not rendered at full viewport width. Please adjust "sizes" to improve page performance. Read more: https://nextjs.org/docs/api-reference/next/image#sizes @ http://localhost:3001/_next/static/chunks/d32c7_next_dist_31bc8e9f._.js:2298
[ 4664903ms] [WARNING] Image with src "https://uwxrstbplaoxfghrchcy.supabase.co/storage/v1/object/public/guide-photos/e6226db3-67bf-4f6f-b5a1-e1ac033811f3.jpg" has "fill" and parent element with invalid "position". Provided "static" should be one of absolute,fixed,relative. @ http://localhost:3001/_next/static/chunks/d32c7_next_dist_31bc8e9f._.js:2298
[ 4664958ms] [WARNING] Image with src "https://uwxrstbplaoxfghrchcy.supabase.co/storage/v1/object/public/guide-photos/781a53f5-40d2-45f4-b554-cf0e79d900ce.jpg" has "fill" but is missing "sizes" prop. Please add it to improve page performance. Read more: https://nextjs.org/docs/api-reference/next/image#sizes @ http://localhost:3001/_next/static/chunks/d32c7_next_dist_31bc8e9f._.js:2298
[ 4664958ms] [WARNING] Image with src "/brand/sygnet.png" has either width or height modified, but not the other. If you use CSS to change the size of your image, also include the styles 'width: "auto"' or 'height: "auto"' to maintain the aspect ratio. @ http://localhost:3001/_next/static/chunks/d32c7_next_dist_31bc8e9f._.js:2298
[ 4665265ms] [LOG] [Fast Refresh] done in 677ms @ http://localhost:3001/_next/static/chunks/d32c7_next_dist_31bc8e9f._.js:2298
[ 4847548ms] [LOG] [Fast Refresh] rebuilding @ http://localhost:3001/_next/static/chunks/d32c7_next_dist_31bc8e9f._.js:2298
[ 4849371ms] [LOG] [Fast Refresh] done in 1747ms @ http://localhost:3001/_next/static/chunks/d32c7_next_dist_31bc8e9f._.js:2298
[ 4928558ms] [LOG] [Fast Refresh] rebuilding @ http://localhost:3001/_next/static/chunks/d32c7_next_dist_31bc8e9f._.js:2298
[ 4931852ms] [LOG] [Fast Refresh] done in 3262ms @ http://localhost:3001/_next/static/chunks/d32c7_next_dist_31bc8e9f._.js:2298
[ 4960323ms] [LOG] [Fast Refresh] rebuilding @ http://localhost:3001/_next/static/chunks/d32c7_next_dist_31bc8e9f._.js:2298
[ 4961340ms] [LOG] [Fast Refresh] done in 862ms @ http://localhost:3001/_next/static/chunks/d32c7_next_dist_31bc8e9f._.js:2298
[ 4963297ms] [LOG] [Fast Refresh] rebuilding @ http://localhost:3001/_next/static/chunks/d32c7_next_dist_31bc8e9f._.js:2298
[ 4964509ms] [LOG] [Fast Refresh] done in 1313ms @ http://localhost:3001/_next/static/chunks/d32c7_next_dist_31bc8e9f._.js:2298
[ 5228829ms] [LOG] [Fast Refresh] rebuilding @ http://localhost:3001/_next/static/chunks/d32c7_next_dist_31bc8e9f._.js:2298
[ 5229218ms] [LOG] [Fast Refresh] done in 470ms @ http://localhost:3001/_next/static/chunks/d32c7_next_dist_31bc8e9f._.js:2298
[ 5239677ms] [LOG] [Fast Refresh] rebuilding @ http://localhost:3001/_next/static/chunks/d32c7_next_dist_31bc8e9f._.js:2298
[ 5239819ms] [LOG] [Fast Refresh] done in 239ms @ http://localhost:3001/_next/static/chunks/d32c7_next_dist_31bc8e9f._.js:2298
[ 5399886ms] [LOG] [Fast Refresh] rebuilding @ http://localhost:3001/_next/static/chunks/d32c7_next_dist_31bc8e9f._.js:2298
[ 5400223ms] [LOG] [Fast Refresh] done in 352ms @ http://localhost:3001/_next/static/chunks/d32c7_next_dist_31bc8e9f._.js:2298
[ 5412909ms] [LOG] [Fast Refresh] rebuilding @ http://localhost:3001/_next/static/chunks/d32c7_next_dist_31bc8e9f._.js:2298
[ 5412984ms] [LOG] [Fast Refresh] done in 148ms @ http://localhost:3001/_next/static/chunks/d32c7_next_dist_31bc8e9f._.js:2298
[ 5423661ms] [LOG] [Fast Refresh] rebuilding @ http://localhost:3001/_next/static/chunks/d32c7_next_dist_31bc8e9f._.js:2298
[ 5423805ms] [LOG] [Fast Refresh] done in 202ms @ http://localhost:3001/_next/static/chunks/d32c7_next_dist_31bc8e9f._.js:2298
[ 5587945ms] [LOG] [Fast Refresh] rebuilding @ http://localhost:3001/_next/static/chunks/d32c7_next_dist_31bc8e9f._.js:2298
[ 5588080ms] [LOG] [Fast Refresh] done in 208ms @ http://localhost:3001/_next/static/chunks/d32c7_next_dist_31bc8e9f._.js:2298
[ 5598328ms] [LOG] [Fast Refresh] rebuilding @ http://localhost:3001/_next/static/chunks/d32c7_next_dist_31bc8e9f._.js:2298
[ 5598432ms] [LOG] [Fast Refresh] done in 175ms @ http://localhost:3001/_next/static/chunks/d32c7_next_dist_31bc8e9f._.js:2298
[ 5599643ms] [LOG] [Fast Refresh] rebuilding @ http://localhost:3001/_next/static/chunks/d32c7_next_dist_31bc8e9f._.js:2298
[ 5600044ms] [LOG] [Fast Refresh] done in 502ms @ http://localhost:3001/_next/static/chunks/d32c7_next_dist_31bc8e9f._.js:2298
[ 5746522ms] [LOG] [Fast Refresh] rebuilding @ http://localhost:3001/_next/static/chunks/d32c7_next_dist_31bc8e9f._.js:2298
[ 5746621ms] [LOG] [Fast Refresh] done in 189ms @ http://localhost:3001/_next/static/chunks/d32c7_next_dist_31bc8e9f._.js:2298
[ 5763045ms] [LOG] [Fast Refresh] rebuilding @ http://localhost:3001/_next/static/chunks/d32c7_next_dist_31bc8e9f._.js:2298
[ 5763064ms] [LOG] [Fast Refresh] done in 60ms @ http://localhost:3001/_next/static/chunks/d32c7_next_dist_31bc8e9f._.js:2298
[ 6346913ms] [LOG] [HMR] connected @ http://localhost:3001/_next/static/chunks/d32c7_next_dist_31bc8e9f._.js:2298
[ 6459991ms] [ERROR] WebSocket connection to 'ws://localhost:3001/_next/webpack-hmr?id=vfdJ1ry6rBTGin4QNneht' failed: Error in connection establishment: net::ERR_CONNECTION_REFUSED @ http://localhost:3001/_next/static/chunks/d32c7_next_dist_client_f7e99ddb._.js:10879
[ 6460995ms] [ERROR] WebSocket connection to 'ws://localhost:3001/_next/webpack-hmr?id=vfdJ1ry6rBTGin4QNneht' failed: Error in connection establishment: net::ERR_CONNECTION_REFUSED @ http://localhost:3001/_next/static/chunks/d32c7_next_dist_client_f7e99ddb._.js:10879
[ 6461998ms] [ERROR] WebSocket connection to 'ws://localhost:3001/_next/webpack-hmr?id=vfdJ1ry6rBTGin4QNneht' failed: Error in connection establishment: net::ERR_CONNECTION_REFUSED @ http://localhost:3001/_next/static/chunks/d32c7_next_dist_client_f7e99ddb._.js:10879
[ 6463001ms] [ERROR] WebSocket connection to 'ws://localhost:3001/_next/webpack-hmr?id=vfdJ1ry6rBTGin4QNneht' failed: Error in connection establishment: net::ERR_CONNECTION_REFUSED @ http://localhost:3001/_next/static/chunks/d32c7_next_dist_client_f7e99ddb._.js:10879
[ 6464003ms] [ERROR] WebSocket connection to 'ws://localhost:3001/_next/webpack-hmr?id=vfdJ1ry6rBTGin4QNneht' failed: Error in connection establishment: net::ERR_CONNECTION_REFUSED @ http://localhost:3001/_next/static/chunks/d32c7_next_dist_client_f7e99ddb._.js:10879
[ 6469005ms] [ERROR] WebSocket connection to 'ws://localhost:3001/_next/webpack-hmr?id=vfdJ1ry6rBTGin4QNneht' failed: Error in connection establishment: net::ERR_CONNECTION_REFUSED @ http://localhost:3001/_next/static/chunks/d32c7_next_dist_client_f7e99ddb._.js:10879
[ 6474009ms] [ERROR] WebSocket connection to 'ws://localhost:3001/_next/webpack-hmr?id=vfdJ1ry6rBTGin4QNneht' failed: Error in connection establishment: net::ERR_CONNECTION_REFUSED @ http://localhost:3001/_next/static/chunks/d32c7_next_dist_client_f7e99ddb._.js:10879
[ 6479014ms] [ERROR] WebSocket connection to 'ws://localhost:3001/_next/webpack-hmr?id=vfdJ1ry6rBTGin4QNneht' failed: Error in connection establishment: net::ERR_CONNECTION_REFUSED @ http://localhost:3001/_next/static/chunks/d32c7_next_dist_client_f7e99ddb._.js:10879
[ 6484019ms] [ERROR] WebSocket connection to 'ws://localhost:3001/_next/webpack-hmr?id=vfdJ1ry6rBTGin4QNneht' failed: Error in connection establishment: net::ERR_CONNECTION_REFUSED @ http://localhost:3001/_next/static/chunks/d32c7_next_dist_client_f7e99ddb._.js:10879
[ 6489023ms] [ERROR] WebSocket connection to 'ws://localhost:3001/_next/webpack-hmr?id=vfdJ1ry6rBTGin4QNneht' failed: Error in connection establishment: net::ERR_CONNECTION_REFUSED @ http://localhost:3001/_next/static/chunks/d32c7_next_dist_client_f7e99ddb._.js:10879
[ 6494029ms] [ERROR] WebSocket connection to 'ws://localhost:3001/_next/webpack-hmr?id=vfdJ1ry6rBTGin4QNneht' failed: Error in connection establishment: net::ERR_CONNECTION_REFUSED @ http://localhost:3001/_next/static/chunks/d32c7_next_dist_client_f7e99ddb._.js:10879
[ 6499039ms] [ERROR] WebSocket connection to 'ws://localhost:3001/_next/webpack-hmr?id=vfdJ1ry6rBTGin4QNneht' failed: Error in connection establishment: net::ERR_CONNECTION_REFUSED @ http://localhost:3001/_next/static/chunks/d32c7_next_dist_client_f7e99ddb._.js:10879
